[2026-06-04T17:51:06.641+0000] {local_task_job_runner.py:123} INFO - ::group::Pre task execution logs
[2026-06-04T17:51:06.665+0000] {taskinstance.py:2614} INFO - Dependencies all met for dep_context=non-requeueable deps ti=<TaskInstance: olist_master_pipeline.run_olist_platform manual__2026-06-04T17:51:04.128094+00:00 [queued]>
[2026-06-04T17:51:06.691+0000] {taskinstance.py:2614} INFO - Dependencies all met for dep_context=requeueable deps ti=<TaskInstance: olist_master_pipeline.run_olist_platform manual__2026-06-04T17:51:04.128094+00:00 [queued]>
[2026-06-04T17:51:06.693+0000] {taskinstance.py:2867} INFO - Starting attempt 1 of 1
[2026-06-04T17:51:06.713+0000] {taskinstance.py:2890} INFO - Executing <Task(BashOperator): run_olist_platform> on 2026-06-04 17:51:04.128094+00:00
[2026-06-04T17:51:06.742+0000] {standard_task_runner.py:104} INFO - Running: ['airflow', 'tasks', 'run', 'olist_master_pipeline', 'run_olist_platform', 'manual__2026-06-04T17:51:04.128094+00:00', '--job-id', '4', '--raw', '--subdir', 'DAGS_FOLDER/olist_pipeline_dag.py', '--cfg-path', '/tmp/tmpa9uf4xfk']
[2026-06-04T17:51:06.758+0000] {standard_task_runner.py:105} INFO - Job 4: Subtask run_olist_platform
[2026-06-04T17:51:06.761+0000] {logging_mixin.py:190} WARNING - /home/airflow/.local/lib/python3.12/site-packages/airflow/task/task_runner/standard_task_runner.py:70 DeprecationWarning: This process (pid=171) is multi-threaded, use of fork() may lead to deadlocks in the child.
[2026-06-04T17:51:06.763+0000] {standard_task_runner.py:72} INFO - Started process 172 to run task
[2026-06-04T17:51:06.877+0000] {task_command.py:467} INFO - Running <TaskInstance: olist_master_pipeline.run_olist_platform manual__2026-06-04T17:51:04.128094+00:00 [running]> on host 32fce9af9986
[2026-06-04T17:51:07.024+0000] {taskinstance.py:3134} INFO - Exporting env vars: AIRFLOW_CTX_DAG_OWNER='airflow' AIRFLOW_CTX_DAG_ID='olist_master_pipeline' AIRFLOW_CTX_TASK_ID='run_olist_platform' AIRFLOW_CTX_EXECUTION_DATE='2026-06-04T17:51:04.128094+00:00' AIRFLOW_CTX_TRY_NUMBER='1' AIRFLOW_CTX_DAG_RUN_ID='manual__2026-06-04T17:51:04.128094+00:00'
[2026-06-04T17:51:07.028+0000] {taskinstance.py:732} INFO - ::endgroup::
[2026-06-04T17:51:07.055+0000] {subprocess.py:78} INFO - Tmp dir root location: /tmp
[2026-06-04T17:51:07.058+0000] {subprocess.py:88} INFO - Running command: ['/usr/bin/bash', '-c', '\n        docker exec spark-master         /opt/spark/bin/spark-submit         /workspace/project/run_pipeline.py\n        ']
[2026-06-04T17:51:07.077+0000] {subprocess.py:99} INFO - Output:
[2026-06-04T17:51:07.254+0000] {subprocess.py:106} INFO - Cannot connect to the Docker daemon at unix:///var/run/docker.sock. Is the docker daemon running?
[2026-06-04T17:51:07.259+0000] {subprocess.py:110} INFO - Command exited with return code 1
[2026-06-04T17:51:07.281+0000] {taskinstance.py:3313} ERROR - Task failed with exception
Traceback (most recent call last):
  File "/home/airflow/.local/lib/python3.12/site-packages/airflow/models/taskinstance.py", line 768, in _execute_task
    result = _execute_callable(context=context, **execute_callable_kwargs)
             ^^^^^^^^^^^^^^^^^^^^^^^^^^^^^^^^^^^^^^^^^^^^^^^^^^^^^^^^^^^^^
  File "/home/airflow/.local/lib/python3.12/site-packages/airflow/models/taskinstance.py", line 734, in _execute_callable
    return ExecutionCallableRunner(
           ^^^^^^^^^^^^^^^^^^^^^^^^
  File "/home/airflow/.local/lib/python3.12/site-packages/airflow/utils/operator_helpers.py", line 252, in run
    return self.func(*args, **kwargs)
           ^^^^^^^^^^^^^^^^^^^^^^^^^^
  File "/home/airflow/.local/lib/python3.12/site-packages/airflow/models/baseoperator.py", line 424, in wrapper
    return func(self, *args, **kwargs)
           ^^^^^^^^^^^^^^^^^^^^^^^^^^^
  File "/home/airflow/.local/lib/python3.12/site-packages/airflow/operators/bash.py", line 276, in execute
    raise AirflowException(
airflow.exceptions.AirflowException: Bash command failed. The command returned a non-zero exit code 1.
[2026-06-04T17:51:07.288+0000] {taskinstance.py:1226} INFO - Marking task as FAILED. dag_id=olist_master_pipeline, task_id=run_olist_platform, run_id=manual__2026-06-04T17:51:04.128094+00:00, execution_date=20260604T175104, start_date=20260604T175106, end_date=20260604T175107
[2026-06-04T17:51:07.325+0000] {taskinstance.py:341} INFO - ::group::Post task execution logs
[2026-06-04T17:51:07.328+0000] {standard_task_runner.py:124} ERROR - Failed to execute job 4 for task run_olist_platform (Bash command failed. The command returned a non-zero exit code 1.; 172)
Traceback (most recent call last):
  File "/home/airflow/.local/lib/python3.12/site-packages/airflow/task/task_runner/standard_task_runner.py", line 117, in _start_by_fork
    ret = args.func(args, dag=self.dag)
          ^^^^^^^^^^^^^^^^^^^^^^^^^^^^^
  File "/home/airflow/.local/lib/python3.12/site-packages/airflow/cli/cli_config.py", line 49, in command
    return func(*args, **kwargs)
           ^^^^^^^^^^^^^^^^^^^^^
  File "/home/airflow/.local/lib/python3.12/site-packages/airflow/utils/cli.py", line 116, in wrapper
    return f(*args, **kwargs)
           ^^^^^^^^^^^^^^^^^^
  File "/home/airflow/.local/lib/python3.12/site-packages/airflow/cli/commands/task_command.py", line 483, in task_run
    task_return_code = _run_task_by_selected_method(args, _dag, ti)
                       ^^^^^^^^^^^^^^^^^^^^^^^^^^^^^^^^^^^^^^^^^^^^
  File "/home/airflow/.local/lib/python3.12/site-packages/airflow/cli/commands/task_command.py", line 256, in _run_task_by_selected_method
    return _run_raw_task(args, ti)
           ^^^^^^^^^^^^^^^^^^^^^^^
  File "/home/airflow/.local/lib/python3.12/site-packages/airflow/cli/commands/task_command.py", line 341, in _run_raw_task
    return ti._run_raw_task(
           ^^^^^^^^^^^^^^^^^
  File "/home/airflow/.local/lib/python3.12/site-packages/airflow/utils/session.py", line 97, in wrapper
    return func(*args, session=session, **kwargs)
           ^^^^^^^^^^^^^^^^^^^^^^^^^^^^^^^^^^^^^^
  File "/home/airflow/.local/lib/python3.12/site-packages/airflow/models/taskinstance.py", line 3006, in _run_raw_task
    return _run_raw_task(
           ^^^^^^^^^^^^^^
  File "/home/airflow/.local/lib/python3.12/site-packages/airflow/models/taskinstance.py", line 274, in _run_raw_task
    TaskInstance._execute_task_with_callbacks(
  File "/home/airflow/.local/lib/python3.12/site-packages/airflow/models/taskinstance.py", line 3161, in _execute_task_with_callbacks
    result = self._execute_task(context, task_orig)
             ^^^^^^^^^^^^^^^^^^^^^^^^^^^^^^^^^^^^^^
  File "/home/airflow/.local/lib/python3.12/site-packages/airflow/models/taskinstance.py", line 3185, in _execute_task
    return _execute_task(self, context, task_orig)
           ^^^^^^^^^^^^^^^^^^^^^^^^^^^^^^^^^^^^^^^
  File "/home/airflow/.local/lib/python3.12/site-packages/airflow/models/taskinstance.py", line 768, in _execute_task
    result = _execute_callable(context=context, **execute_callable_kwargs)
             ^^^^^^^^^^^^^^^^^^^^^^^^^^^^^^^^^^^^^^^^^^^^^^^^^^^^^^^^^^^^^
  File "/home/airflow/.local/lib/python3.12/site-packages/airflow/models/taskinstance.py", line 734, in _execute_callable
    return ExecutionCallableRunner(
           ^^^^^^^^^^^^^^^^^^^^^^^^
  File "/home/airflow/.local/lib/python3.12/site-packages/airflow/utils/operator_helpers.py", line 252, in run
    return self.func(*args, **kwargs)
           ^^^^^^^^^^^^^^^^^^^^^^^^^^
  File "/home/airflow/.local/lib/python3.12/site-packages/airflow/models/baseoperator.py", line 424, in wrapper
    return func(self, *args, **kwargs)
           ^^^^^^^^^^^^^^^^^^^^^^^^^^^
  File "/home/airflow/.local/lib/python3.12/site-packages/airflow/operators/bash.py", line 276, in execute
    raise AirflowException(
airflow.exceptions.AirflowException: Bash command failed. The command returned a non-zero exit code 1.
[2026-06-04T17:51:07.360+0000] {local_task_job_runner.py:266} INFO - Task exited with return code 1
[2026-06-04T17:51:07.402+0000] {taskinstance.py:3901} INFO - 0 downstream tasks scheduled from follow-on schedule check
[2026-06-04T17:51:07.405+0000] {local_task_job_runner.py:245} INFO - ::endgroup::
